<log>
  <summary_ verdicts='0' failures='0' errors='0'/>
  <comment_>
    My comment.
  </comment_>
</log>
