<log><summary errors='0' failures='0' verdicts='1'/><section name='Section'><data class='Integer' method=':to_s' name='indentation'>-1</data></section><verdict id='__error_count__' method='verdict_assert_equal?' outcome='passed'><exp_value>0</exp_value><act_value>0</act_value></verdict></log>
