<log>
  <verdict_ method='verdict_assert?' outcome='passed' id='filter_minitest'>
    <actual_ class='TrueClass' value='true'/>
  </verdict_>
  <verdict_ method='verdict_assert?' outcome='passed' id='filter_xxx'>
    <actual_ class='TrueClass' value='true'/>
  </verdict_>
</log>
