<log>
  <summary verdicts='1' failures='0' errors='0'/>
  <data name='file_path' class='String' size='9'>
    ./log.xml
  </data>
  <verdict method='verdict_assert_equal?' outcome='passed' id='__error_count__'>
    <exp_value>
      0
    </exp_value>
    <act_value>
      0
    </act_value>
  </verdict>
</log>
