<log>
  <each_with_index_ name='put_set' class='Set' size='3'>
    <![CDATA[
0: a
1: aa
2: aaa
]]>
  </each_with_index_>
</log>
