<log>
  <summary verdicts='1' failures='0' errors='0'/>
  <no_inspected/>
  <one_inspected>
    :one
  </one_inspected>
  <more_inspected>
    :one23.140..2
  </more_inspected>
  <verdict method='verdict_assert_equal?' outcome='passed' id='__error_count__'>
    <exp_value>
      0
    </exp_value>
    <act_value>
      0
    </act_value>
  </verdict>
</log>
