<log>
  <summary verdicts='0' failures='0' errors='1'/>
  <rescue>
    <rescued_exception class='RuntimeError' message='Rescued!'>
      <backtrace/>
    </rescued_exception>
  </rescue>
  <no_rescue>
    <uncaught_exception timestamp='0000-00-00-xxx-00.00.00.000' class='RuntimeError'>
      <message>
        Not rescued!
      </message>
      <backtrace>
      </backtrace>
    </uncaught_exception>
  </no_rescue>
</log>
