<log>
  <summary verdicts='0' failures='0' errors='0'/>
  <data name='to_s' class='Float' method=':to_s'>
    3.14159
  </data>
</log>
