<log>
  <summary verdicts='1' failures='0' errors='0'/>
  <data name='put_hash' class='Hash' size='2' method=':each_pair'>
    <![CDATA[
a => 0
b => 1
]]>
  </data>
  <verdict method='verdict_assert_equal?' outcome='passed' id='__error_count__'>
    <exp_value>
      0
    </exp_value>
    <act_value>
      0
    </act_value>
  </verdict>
</log>
