<log>
  <summary_ verdicts='0' failures='0' errors='1'/>
  <section_ name='rescue'>
    <rescued_exception_ class='RuntimeError' message='Rescued!'>
      <backtrace_/>
    </rescued_exception_>
  </section_>
  <section_ name='no_rescue'>
    <uncaught_exception_ timestamp='0000-00-00-xxx-00.00.00.000' class='RuntimeError'>
      <message_>
        Not rescued!
      </message_>
      <backtrace_>
      </backtrace_>
    </uncaught_exception_>
  </section_>
</log>
