<log>
  <summary verdicts='0' failures='0' errors='0'/>
  <section name='Outer'>
    <data name='outer_tag' class='String' size='11'>
      Outer text.
    </data>
    <section name='Mid'>
      <data name='mid_tag' class='String' size='9'>
        Mid text.
      </data>
      <section name='Inner'>
        <data name='inner_tag' class='String' size='11'>
          Inner text.
        </data>
      </section>
    </section>
  </section>
</log>
