<log>
  <section_ name='no_nesting'/>
  <section_ name='outer'>
    <section_ name='inner'/>
  </section_>
  <section_ name='outer'>
    <section_ name='mid'>
      <section_ name='inner'/>
    </section_>
  </section_>
</log>
