<log>
  <summary_ verdicts='3' failures='0' errors='0'/>
  <section_ name='Test' method='verdict_assert_nil?' type='pass'>
    <section_ name='Args=[nil, &quot;Message 0&quot;]'>
      <verdict_ method='verdict_assert_nil?' outcome='passed' id='0' message='Message 0'>
        <actual_ class='NilClass' value='nil'/>
      </verdict_>
    </section_>
    <section_ name='Args=[nil, &quot;Message 1&quot;]'>
      <verdict_ method='verdict_assert_nil?' outcome='passed' id='1' message='Message 1'>
        <actual_ class='NilClass' value='nil'/>
      </verdict_>
    </section_>
  </section_>
  <verdict_ method='verdict_assert_equal?' outcome='passed' id='error_count'>
    <expected_ class='Integer' value='0'/>
    <actual_ class='Integer' value='0'/>
  </verdict_>
</log>
