<log>
  <summary verdicts='2' failures='2' errors='0'/>
  <section name='Test' method='verdict_assert_operator?' type='fail'>
    <section name='Args=[0, :==, 1]'>
      <verdict method='verdict_assert_operator?' outcome='failed' id='0' message='Message 0'>
        <object_1 class='Integer' value='0'/>
        <operator class='Symbol' value=':=='/>
        <object_2 class='Integer' value='1'/>
        <exception class='Minitest::Assertion' message='Expected 0 to be == 1.'>
          <backtrace/>
        </exception>
      </verdict>
    </section>
    <section name='Args=[false, :==, true]'>
      <verdict method='verdict_assert_operator?' outcome='failed' id='1' message='Message 1'>
        <object_1 class='FalseClass' value='false'/>
        <operator class='Symbol' value=':=='/>
        <object_2 class='TrueClass' value='true'/>
        <exception class='Minitest::Assertion' message='Expected false to be == true.'>
          <backtrace/>
        </exception>
      </verdict>
    </section>
  </section>
</log>
