<log>
  <summary verdicts='1' failures='0' errors='0'/>
  <verdict method='verdict_assert_raises?' outcome='passed' id='0'>
    <error_class class='Class' value='RuntimeError'/>
  </verdict>
</log>
