<log>
  <summary_ verdicts='1' failures='1' errors='0'/>
  <verdict_ method='verdict_assert_output?' outcome='failed' id='1'>
    <stdout_ class='String' value='&quot;foo&quot;'/>
    <stderr_ class='String' value='&quot;bar&quot;'/>
    <exception_ class='Minitest::Assertion' message='In stderr.'>
      <backtrace_/>
    </exception_>
  </verdict_>
</log>
