<log>
  <summary verdicts='3' failures='0' errors='0'/>
  <section name='Test' method='verdict_assert_kind_of?' type='pass'>
    <section name='Args=[Exception, #&lt;ArgumentError: ArgumentError&gt;]'>
      <verdict method='verdict_assert_kind_of?' outcome='passed' id='0' message='Message 0'>
        <expected class='Class' value='Exception'/>
        <actual class='ArgumentError' value='#&lt;ArgumentError: ArgumentError&gt;'/>
      </verdict>
    </section>
    <section name='Args=[Numeric, 0]'>
      <verdict method='verdict_assert_kind_of?' outcome='passed' id='1' message='Message 1'>
        <expected class='Class' value='Numeric'/>
        <actual class='Integer' value='0'/>
      </verdict>
    </section>
  </section>
  <verdict method='verdict_assert_equal?' outcome='passed' id='__error_count__'>
    <expected class='Integer' value='0'/>
    <actual class='Integer' value='0'/>
  </verdict>
</log>
