<log>
  <summary verdicts='0' failures='0' errors='2'/>
  <section name='Test' method='verdict_assert_empty?' type='error'>
    <section name='Args=[]'>
      <rescued_exception class='ArgumentError' message='wrong number of arguments (given 1, expected 2..3)'>
        <backtrace/>
      </rescued_exception>
    </section>
    <section name='Args=[nil, nil]'>
      <rescued_exception class='ArgumentError' message='wrong number of arguments (given 4, expected 2..3)'>
        <backtrace/>
      </rescued_exception>
    </section>
  </section>
</log>
