<log>
  <summary_ verdicts='2' failures='2' errors='0'/>
  <section_ name='Test' method='verdict_assert_includes?' type='fail'>
    <section_ name='Args=[[0], 1]'>
      <verdict_ method='verdict_assert_includes?' outcome='failed' id='0' message='Message 0'>
        <expected_ class='Array' value='[0]'/>
        <actual_ class='Integer' value='1'/>
        <exception_ class='Minitest::Assertion' message='Expected [0] to include 1.'>
          <backtrace_/>
        </exception_>
      </verdict_>
    </section_>
    <section_ name='Args=[[:a], :b]'>
      <verdict_ method='verdict_assert_includes?' outcome='failed' id='1' message='Message 1'>
        <expected_ class='Array' value='[:a]'/>
        <actual_ class='Symbol' value=':b'/>
        <exception_ class='Minitest::Assertion' message='Expected [:a] to include :b.'>
          <backtrace_/>
        </exception_>
      </verdict_>
    </section_>
  </section_>
</log>
