<log>
  <summary verdicts='3' failures='0' errors='0'/>
  <section name='Test' method='verdict_refute_kind_of?' type='pass'>
    <section name='Args=[Array, {}]'>
      <verdict method='verdict_refute_kind_of?' outcome='passed' id='0' message='Message 0'>
        <expected class='Class' value='Array'/>
        <actual class='Hash' value='{}'/>
      </verdict>
    </section>
    <section name='Args=[Hash, []]'>
      <verdict method='verdict_refute_kind_of?' outcome='passed' id='1' message='Message 1'>
        <expected class='Class' value='Hash'/>
        <actual class='Array' value='[]'/>
      </verdict>
    </section>
  </section>
  <verdict method='verdict_assert_equal?' outcome='passed' id='__error_count__'>
    <expected class='Integer' value='0'/>
    <actual class='Integer' value='0'/>
  </verdict>
</log>
