<log>
  <summary verdicts='3' failures='2' errors='0'/>
  <section name='Test' method='verdict_refute_in_delta?' type='fail'>
    <section name='Args=[0, 0, 1]'>
      <verdict method='verdict_refute_in_delta?' outcome='failed' id='0' message='Message 0'>
        <exp_value>
          0
        </exp_value>
        <act_value>
          0
        </act_value>
        <delta>
          1
        </delta>
        <exception class='Minitest::Assertion'>
          <message>
            Expected |0 - 0| (0) to not be &lt;= 1.
          </message>
          <backtrace/>
        </exception>
      </verdict>
    </section>
    <section name='Args=[1, 1, 1]'>
      <verdict method='verdict_refute_in_delta?' outcome='failed' id='1' message='Message 1'>
        <exp_value>
          1
        </exp_value>
        <act_value>
          1
        </act_value>
        <delta>
          1
        </delta>
        <exception class='Minitest::Assertion'>
          <message>
            Expected |1 - 1| (0) to not be &lt;= 1.
          </message>
          <backtrace/>
        </exception>
      </verdict>
    </section>
  </section>
  <verdict method='verdict_assert_equal?' outcome='passed' id='__error_count__'>
    <exp_value>
      0
    </exp_value>
    <act_value>
      0
    </act_value>
  </verdict>
</log>
