<log>
  <summary verdicts='3' failures='2' errors='0'/>
  <section name='Test' method='verdict_assert_same?' type='fail'>
    <section name='Args=[&quot;foo&quot;, &quot;foo&quot;]'>
      <verdict method='verdict_assert_same?' outcome='failed' id='0' message='Message 0'>
        <expected class='String' value='&quot;foo&quot;'/>
        <actual class='String' value='&quot;foo&quot;'/>
        <exception class='Minitest::Assertion' message='Expected # encoding: UTF-8'>
          <backtrace/>
        </exception>
      </verdict>
    </section>
    <section name='Args=[[], []]'>
      <verdict method='verdict_assert_same?' outcome='failed' id='1' message='Message 1'>
        <expected class='Array' value='[]'/>
        <actual class='Array' value='[]'/>
        <exception class='Minitest::Assertion' message='Expected [] oid=(00000000) to be the same as [] oid=(00000000).'>
          <backtrace/>
        </exception>
      </verdict>
    </section>
  </section>
  <verdict method='verdict_assert_equal?' outcome='passed' id='__error_count__'>
    <expected class='Integer' value='0'/>
    <actual class='Integer' value='0'/>
  </verdict>
</log>
