<log>
  <summary verdicts='2' failures='0' errors='0'/>
  <section name='Test' method='verdict_refute_empty?' type='pass'>
    <section name='Args=[[0]]'>
      <verdict method='verdict_refute_empty?' outcome='passed' id='0' message='Message 0'>
        <actual class='Array' value='[0]'/>
      </verdict>
    </section>
    <section name='Args=[&quot;not_empty&quot;]'>
      <verdict method='verdict_refute_empty?' outcome='passed' id='1' message='Message 1'>
        <actual class='String' value='&quot;not_empty&quot;'/>
      </verdict>
    </section>
  </section>
</log>
