<log>
  <summary verdicts='3' failures='2' errors='0'/>
  <section name='Test' method='verdict_assert_nil?' type='fail'>
    <section name='Args=[0]'>
      <verdict method='verdict_assert_nil?' outcome='failed' id='0' message='Message 0'>
        <act_value>
          0
        </act_value>
        <exception class='Minitest::Assertion'>
          <message>
            Expected 0 to be nil.
          </message>
          <backtrace/>
        </exception>
      </verdict>
    </section>
    <section name='Args=[false]'>
      <verdict method='verdict_assert_nil?' outcome='failed' id='1' message='Message 1'>
        <act_value>
          false
        </act_value>
        <exception class='Minitest::Assertion'>
          <message>
            Expected false to be nil.
          </message>
          <backtrace/>
        </exception>
      </verdict>
    </section>
  </section>
  <verdict method='verdict_assert_equal?' outcome='passed' id='__error_count__'>
    <exp_value>
      0
    </exp_value>
    <act_value>
      0
    </act_value>
  </verdict>
</log>
