<log>
  <summary verdicts='3' failures='2' errors='0'/>
  <section name='Test' method='verdict_assert_in_epsilon?' type='fail'>
    <section name='Args=[3, 2, 0]'>
      <verdict method='verdict_assert_in_epsilon?' outcome='failed' id='0' message='Message 0'>
        <exp_value>
          3
        </exp_value>
        <act_value>
          2
        </act_value>
        <epsilon>
          0
        </epsilon>
        <exception class='Minitest::Assertion'>
          <message>
            Expected |3 - 2| (1) to be &lt;= 0.
          </message>
          <backtrace/>
        </exception>
      </verdict>
    </section>
    <section name='Args=[4, 3, 0]'>
      <verdict method='verdict_assert_in_epsilon?' outcome='failed' id='1' message='Message 1'>
        <exp_value>
          4
        </exp_value>
        <act_value>
          3
        </act_value>
        <epsilon>
          0
        </epsilon>
        <exception class='Minitest::Assertion'>
          <message>
            Expected |4 - 3| (1) to be &lt;= 0.
          </message>
          <backtrace/>
        </exception>
      </verdict>
    </section>
  </section>
  <verdict method='verdict_assert_equal?' outcome='passed' id='__error_count__'>
    <exp_value>
      0
    </exp_value>
    <act_value>
      0
    </act_value>
  </verdict>
</log>
