<log>
  <summary_ verdicts='2' failures='0' errors='0'/>
  <section_ name='Test' method='verdict_refute_equal?' type='pass'>
    <section_ name='Args=[0, 1, &quot;Message 0&quot;]'>
      <verdict_ method='verdict_refute_equal?' outcome='passed' id='0' message='Message 0'>
        <expected_ class='Integer' value='0'/>
        <actual_ class='Integer' value='1'/>
      </verdict_>
    </section_>
    <section_ name='Args=[:a, :b, &quot;Message 1&quot;]'>
      <verdict_ method='verdict_refute_equal?' outcome='passed' id='1' message='Message 1'>
        <expected_ class='Symbol' value=':a'/>
        <actual_ class='Symbol' value=':b'/>
      </verdict_>
    </section_>
  </section_>
</log>
