<log>
  <summary verdicts='3' failures='2' errors='0'/>
  <section name='Test' method='verdict_refute_respond_to?' type='fail'>
    <section name='Args=[&quot;&quot;, :size]'>
      <verdict method='verdict_refute_respond_to?' outcome='failed' id='0'>
        <object/>
        <method>
          :size
        </method>
        <exception class='Minitest::Assertion'>
          <message>
            Expected # encoding: UTF-8 &quot;&quot; to not respond to size.
          </message>
          <backtrace/>
        </exception>
      </verdict>
    </section>
    <section name='Args=[nil, :class]'>
      <verdict method='verdict_refute_respond_to?' outcome='failed' id='1'>
        <object>
          nil
        </object>
        <method>
          :class
        </method>
        <exception class='Minitest::Assertion'>
          <message>
            Expected nil to not respond to class.
          </message>
          <backtrace/>
        </exception>
      </verdict>
    </section>
  </section>
  <verdict method='verdict_assert_equal?' outcome='passed' id='__error_count__'>
    <exp_value>
      0
    </exp_value>
    <act_value>
      0
    </act_value>
  </verdict>
</log>
