<log>
  <summary verdicts='3' failures='2' errors='0'/>
  <section name='Test' method='verdict_assert_match?' type='fail'>
    <section name='Args=[/b/, &quot;xyz&quot;]'>
      <verdict method='verdict_assert_match?' outcome='failed' id='0' message='Message 0'>
        <expected class='Regexp' value='/b/'/>
        <actual class='String' value='&quot;xyz&quot;'/>
        <exception class='Minitest::Assertion' message='Expected /b/ to match # encoding: UTF-8'>
          <backtrace/>
        </exception>
      </verdict>
    </section>
    <section name='Args=[/./, &quot;&quot;]'>
      <verdict method='verdict_assert_match?' outcome='failed' id='1' message='Message 1'>
        <expected class='Regexp' value='/./'/>
        <actual class='String' value='&quot;&quot;'/>
        <exception class='Minitest::Assertion' message='Expected /./ to match # encoding: UTF-8'>
          <backtrace/>
        </exception>
      </verdict>
    </section>
  </section>
  <verdict method='verdict_assert_equal?' outcome='passed' id='__error_count__'>
    <expected class='Integer' value='0'/>
    <actual class='Integer' value='0'/>
  </verdict>
</log>
