<log>
  <summary_ verdicts='1' failures='1' errors='0'/>
  <verdict_ method='verdict_assert_raises?' outcome='failed' id='1'>
    <error_class_ class='Class' value='RuntimeError'/>
    <exception_ class='Minitest::Assertion' message='RuntimeError expected but nothing was raised.'>
      <backtrace_/>
    </exception_>
  </verdict_>
</log>
