<log>
  <summary verdicts='2' failures='2' errors='0'/>
  <section name='Test' method='verdict_refute_instance_of?' type='fail'>
    <section name='Args=[Integer, 0]'>
      <verdict method='verdict_refute_instance_of?' outcome='failed' id='0' message='Message 0'>
        <expected class='Class' value='Integer'/>
        <actual class='Integer' value='0'/>
        <exception class='Minitest::Assertion' message='Expected 0 to not be an instance of Integer.'>
          <backtrace/>
        </exception>
      </verdict>
    </section>
    <section name='Args=[Symbol, :a]'>
      <verdict method='verdict_refute_instance_of?' outcome='failed' id='1' message='Message 1'>
        <expected class='Class' value='Symbol'/>
        <actual class='Symbol' value=':a'/>
        <exception class='Minitest::Assertion' message='Expected :a to not be an instance of Symbol.'>
          <backtrace/>
        </exception>
      </verdict>
    </section>
  </section>
</log>
